\BOOKMARK [0][-]{chapter.1}{\376\377\000C\000a\000r\000i\000c\000a\000,\000\040\000c\000a\000m\000p\000o\000\040\000e\000\040\000g\000r\000a\000n\000d\000e\000z\000z\000e\000\040\000e\000l\000e\000t\000t\000r\000i\000c\000h\000e}{}% 1
\BOOKMARK [1][-]{section.1.1}{\376\377\000L\000a\000\040\000c\000a\000r\000i\000c\000a\000\040\000e\000l\000e\000t\000t\000r\000i\000c\000a}{chapter.1}% 2
\BOOKMARK [1][-]{section.1.2}{\376\377\000L\000a\000\040\000f\000o\000r\000z\000a\000\040\000d\000i\000\040\000C\000o\000u\000l\000o\000m\000b}{chapter.1}% 3
\BOOKMARK [1][-]{section.1.3}{\376\377\000I\000l\000\040\000c\000a\000m\000p\000o\000\040\000e\000l\000e\000t\000t\000r\000i\000c\000o}{chapter.1}% 4
\BOOKMARK [1][-]{section.1.4}{\376\377\000L\000a\000v\000o\000r\000o\000\040\000d\000i\000\040\000u\000n\000a\000\040\000f\000o\000r\000z\000a\000\040\000e\000\040\000l\000a\000v\000o\000r\000o\000\040\000e\000l\000e\000t\000t\000r\000i\000c\000o}{chapter.1}% 5
\BOOKMARK [1][-]{section.1.5}{\376\377\000L\000a\000\040\000t\000e\000n\000s\000i\000o\000n\000e\000\040\000e\000l\000e\000t\000t\000r\000i\000c\000a}{chapter.1}% 6
\BOOKMARK [1][-]{section.1.6}{\376\377\000L\000a\000\040\000c\000o\000r\000r\000e\000n\000t\000e\000\040\000e\000l\000e\000t\000t\000r\000i\000c\000a}{chapter.1}% 7
\BOOKMARK [1][-]{section.1.7}{\376\377\000L\000e\000g\000g\000i\000\040\000d\000i\000\040\000O\000h\000m}{chapter.1}% 8
\BOOKMARK [1][-]{section.1.8}{\376\377\000I\000l\000\040\000c\000o\000d\000i\000c\000e\000\040\000c\000o\000l\000o\000r\000i\000\040\000d\000e\000i\000\040\000r\000e\000s\000i\000s\000t\000o\000r\000i}{chapter.1}% 9
\BOOKMARK [1][-]{section.1.9}{\376\377\000E\000s\000e\000r\000c\000i\000z\000i}{chapter.1}% 10
\BOOKMARK [0][-]{chapter.2}{\376\377\000T\000e\000o\000r\000i\000a\000\040\000d\000e\000i\000\040\000c\000i\000r\000c\000u\000i\000t\000i\000\040\000e\000l\000e\000t\000t\000r\000i\000c\000i}{}% 11
\BOOKMARK [1][-]{section.2.1}{\376\377\000C\000h\000e\000\040\000c\000o\000s\000'\000\350\000\040\000u\000n\000\040\000c\000i\000r\000c\000u\000i\000t\000o\000\040\000e\000l\000e\000t\000t\000r\000i\000c\000o}{chapter.2}% 12
\BOOKMARK [1][-]{section.2.2}{\376\377\000L\000a\000\040\000l\000e\000g\000g\000e\000\040\000d\000i\000\040\000K\000i\000r\000c\000h\000h\000o\000f\000f\000\040\000a\000l\000l\000e\000\040\000T\000e\000n\000s\000i\000o\000n\000i\000\040\000\050\000l\000e\000g\000g\000e\000\040\000d\000e\000l\000l\000e\000\040\000m\000a\000g\000l\000i\000e\000\051}{chapter.2}% 13
\BOOKMARK [1][-]{section.2.3}{\376\377\000L\000a\000\040\000l\000e\000g\000g\000e\000\040\000d\000i\000\040\000K\000i\000r\000c\000h\000h\000o\000f\000f\000\040\000a\000l\000l\000e\000\040\000C\000o\000r\000r\000e\000n\000t\000i\000\040\000\050\000l\000e\000g\000g\000e\000\040\000d\000e\000i\000\040\000n\000o\000d\000i\000\051}{chapter.2}% 14
\BOOKMARK [1][-]{section.2.4}{\376\377\000L\000a\000\040\000m\000a\000s\000s\000a}{chapter.2}% 15
\BOOKMARK [1][-]{section.2.5}{\376\377\000P\000a\000r\000t\000i\000t\000o\000r\000e\000\040\000d\000i\000\040\000t\000e\000n\000s\000i\000o\000n\000e}{chapter.2}% 16
\BOOKMARK [1][-]{section.2.6}{\376\377\000P\000a\000r\000t\000i\000t\000o\000r\000e\000\040\000d\000i\000\040\000c\000o\000r\000r\000e\000n\000t\000e}{chapter.2}% 17
\BOOKMARK [1][-]{section.2.7}{\376\377\000R\000e\000s\000i\000s\000t\000e\000n\000z\000a\000\040\000e\000q\000u\000i\000v\000a\000l\000e\000n\000t\000e}{chapter.2}% 18
\BOOKMARK [1][-]{section.2.8}{\376\377\000E\000s\000e\000r\000c\000i\000z\000i}{chapter.2}% 19
\BOOKMARK [0][-]{chapter.3}{\376\377\000M\000e\000t\000o\000d\000i\000\040\000d\000i\000\040\000r\000i\000s\000o\000l\000u\000z\000i\000o\000n\000e\000\040\000d\000e\000l\000l\000e\000\040\000r\000e\000t\000i}{}% 20
\BOOKMARK [1][-]{section.3.1}{\376\377\000I\000l\000\040\000m\000e\000t\000o\000d\000o\000\040\000d\000e\000l\000l\000e\000\040\000c\000o\000r\000r\000e\000n\000t\000i\000\040\000d\000i\000\040\000m\000a\000g\000l\000i\000a}{chapter.3}% 21
\BOOKMARK [1][-]{section.3.2}{\376\377\000I\000l\000\040\000p\000r\000i\000n\000c\000i\000p\000i\000o\000\040\000d\000i\000\040\000s\000o\000v\000r\000a\000p\000p\000o\000s\000i\000z\000i\000o\000n\000e\000\040\000d\000e\000g\000l\000i\000\040\000e\000f\000f\000e\000t\000t\000i}{chapter.3}% 22
\BOOKMARK [1][-]{section.3.3}{\376\377\000I\000l\000\040\000t\000e\000o\000r\000e\000m\000a\000\040\000d\000i\000\040\000T\000h\000\351\000v\000e\000n\000i\000n}{chapter.3}% 23
\BOOKMARK [1][-]{section.3.4}{\376\377\000I\000l\000\040\000t\000e\000o\000r\000e\000m\000a\000\040\000d\000i\000\040\000N\000o\000r\000t\000o\000n}{chapter.3}% 24
\BOOKMARK [1][-]{section.3.5}{\376\377\000I\000l\000\040\000m\000e\000t\000o\000d\000o\000\040\000d\000e\000i\000\040\000p\000o\000t\000e\000n\000z\000i\000a\000l\000i\000\040\000a\000i\000\040\000n\000o\000d\000i}{chapter.3}% 25
\BOOKMARK [1][-]{section.3.6}{\376\377\000I\000l\000\040\000t\000e\000o\000r\000e\000m\000a\000\040\000d\000i\000\040\000M\000i\000l\000l\000m\000a\000n}{chapter.3}% 26
\BOOKMARK [1][-]{section.3.7}{\376\377\000E\000s\000e\000r\000c\000i\000z\000i}{chapter.3}% 27
